nohup: 忽略输入

 ****** [2026-08-16 17:03:49] Running generation 0 ****** 

Using Evolution Gym Simulator v2.2.5
Using Evolution Gym Simulator v2.2.5
Using Evolution Gym Simulator v2.2.5
Using Evolution Gym Simulator v2.2.5
Using Evolution Gym Simulator v2.2.5
Using Evolution Gym Simulator v2.2.5
Using Evolution Gym Simulator v2.2.5
Using Evolution Gym Simulator v2.2.5
Using Evolution Gym Simulator v2.2.5
Using Evolution Gym Simulator v2.2.5
Using Evolution Gym Simulator v2.2.5
Using Evolution Gym Simulator v2.2.5
Using Evolution Gym Simulator v2.2.5
Using Evolution Gym Simulator v2.2.5
Using Evolution Gym Simulator v2.2.5
Using Evolution Gym Simulator v2.2.5
Using Evolution Gym Simulator v2.2.5
Using Evolution Gym Simulator v2.2.5
Using Evolution Gym Simulator v2.2.5
Using Evolution Gym Simulator v2.2.5
[2026-08-16 17:07:36]Population of 20 members	best_id:(ID10,1.5014334830386866)
   ID   maturity   fitness
  ====  ===   =======
    10    1    1.5014
    20    1    0.2526
     8    1    0.1361
    14    1    0.1035
     1    1    0.0941
    18    1    0.0668
     4    1    0.0489
    15    1    0.0481
    16    1    0.0452
    12    1    0.0249
     6    1    0.0168
    13    1    0.0165
     5    1    0.0082
     2    1    0.0067
     3    1    0.0057
    19    1   -0.0338
    17    1   -0.0641
     9    1   -0.0652
    11    1   -0.0818
     7    1   -0.1115
Start maturity-stage promotion selection
Survivors:10
survivor IDs(10):[10, 20, 8, 14, 1, 18, 4, 15, 16, 12]
children IDs(10):[21, 22, 23, 24, 25, 26, 27, 28, 29, 30]


 ****** [2026-08-16 17:07:36] Running generation 1 ****** 

Using Evolution Gym Simulator v2.2.5
Using Evolution Gym Simulator v2.2.5
Using Evolution Gym Simulator v2.2.5
Using Evolution Gym Simulator v2.2.5
Using Evolution Gym Simulator v2.2.5
Using Evolution Gym Simulator v2.2.5
Using Evolution Gym Simulator v2.2.5
Using Evolution Gym Simulator v2.2.5
Using Evolution Gym Simulator v2.2.5
Using Evolution Gym Simulator v2.2.5
Using Evolution Gym Simulator v2.2.5
Using Evolution Gym Simulator v2.2.5
Using Evolution Gym Simulator v2.2.5
Using Evolution Gym Simulator v2.2.5
Using Evolution Gym Simulator v2.2.5
Using Evolution Gym Simulator v2.2.5
Using Evolution Gym Simulator v2.2.5
Using Evolution Gym Simulator v2.2.5
Using Evolution Gym Simulator v2.2.5
Using Evolution Gym Simulator v2.2.5
[2026-08-16 17:11:23]Population of 20 members	best_id:(ID10,1.794619386703841)
   ID   maturity   fitness
  ====  ===   =======
    10    2    1.7946
    22    1    1.6789
    15    2    1.3088
    21    1    0.7626
    23    1    0.4461
    16    2    0.3319
    20    2    0.2597
    25    1    0.2207
     8    2    0.1411
    29    1    0.1133
     1    2    0.1066
    14    2    0.1035
    18    2    0.0668
    27    1    0.0651
    28    1    0.0578
     4    2    0.0547
    26    1    0.0537
    30    1    0.0329
    24    1    0.0292
    12    2    0.0249
Start maturity-stage promotion selection
Survivors:10
survivor IDs(10):[10, 22, 15, 21, 23, 16, 20, 25, 8, 29]
children IDs(10):[31, 32, 33, 34, 35, 36, 37, 38, 39, 40]


 ****** [2026-08-16 17:11:23] Running generation 2 ****** 

